[     325ms] [ERROR] 加载 AppConfig 配置出错 @ https://res.wx.qq.com/d/tdocsJSAPI/latest/index.js:12
[     333ms] [WARNING] document.domain mutation is ignored because the surrounding agent cluster is origin-keyed. @ https://doc.weixin.qq.com/sheet/e3_AXUA1wa-AGwCNqaencXG2TROP1PLV?scode=AJEAIQdfAAoOPLUWUSAXUA1wa-AGw&tab=000001:0
[     832ms] [WARNING] 初始化拦截器-2.0 @ https://res.wx.qq.com/d/blankpage/chunk/989-b8de67.js:0
[     862ms] [ERROR] r: (Extension Error) Cannot find docs-component-app-promotion-top-banner extension in metadata!
    at e.value (https://res.wx.qq.com/d/blankpage/chunk/991-8a0781.js:6:1000654)
    at https://res.wx.qq.com/d/blankpage/chunk/991-8a0781.js:6:999964
    at Array.forEach (<anonymous>)
    at e.value (https://res.wx.qq.com/d/blankpage/chunk/991-8a0781.js:6:999906)
    at e.<anonymous> (https://res.wx.qq.com/d/blankpage/chunk/991-8a0781.js:6:997622)
    at d (https://res.wx.qq.com/d/blankpage/js/vendor_base-cdd60c62-d2291c.js:5:53595)
    at u.value (https://res.wx.qq.com/d/blankpage/js/vendor_base-cdd60c62-d2291c.js:5:53373)
    at Generator.next (https://res.wx.qq.com/d/blankpage/js/vendor_base-cdd60c62-d2291c.js:5:54001)
    at c (https://res.wx.qq.com/d/blankpage/js/vendor_base-059be3de-a9b860.js:1:74177) @ https://res.wx.qq.com/d/blankpage/chunk/989-b8de67.js:0
[     862ms] [ERROR] r: (Extension Error) Cannot find docs-component-record extension in metadata!
    at e.value (https://res.wx.qq.com/d/blankpage/chunk/991-8a0781.js:6:1000654)
    at https://res.wx.qq.com/d/blankpage/chunk/991-8a0781.js:6:999964
    at Array.forEach (<anonymous>)
    at e.value (https://res.wx.qq.com/d/blankpage/chunk/991-8a0781.js:6:999906)
    at e.<anonymous> (https://res.wx.qq.com/d/blankpage/chunk/991-8a0781.js:6:997622)
    at d (https://res.wx.qq.com/d/blankpage/js/vendor_base-cdd60c62-d2291c.js:5:53595)
    at u.value (https://res.wx.qq.com/d/blankpage/js/vendor_base-cdd60c62-d2291c.js:5:53373)
    at Generator.next (https://res.wx.qq.com/d/blankpage/js/vendor_base-cdd60c62-d2291c.js:5:54001)
    at c (https://res.wx.qq.com/d/blankpage/js/vendor_base-059be3de-a9b860.js:1:74177) @ https://res.wx.qq.com/d/blankpage/chunk/989-b8de67.js:0
[     862ms] [ERROR] r: (Extension Error) Cannot find docs-component-storage-overflow-alert extension in metadata!
    at e.value (https://res.wx.qq.com/d/blankpage/chunk/991-8a0781.js:6:1000654)
    at https://res.wx.qq.com/d/blankpage/chunk/991-8a0781.js:6:999964
    at Array.forEach (<anonymous>)
    at e.value (https://res.wx.qq.com/d/blankpage/chunk/991-8a0781.js:6:999906)
    at e.<anonymous> (https://res.wx.qq.com/d/blankpage/chunk/991-8a0781.js:6:997622)
    at d (https://res.wx.qq.com/d/blankpage/js/vendor_base-cdd60c62-d2291c.js:5:53595)
    at u.value (https://res.wx.qq.com/d/blankpage/js/vendor_base-cdd60c62-d2291c.js:5:53373)
    at Generator.next (https://res.wx.qq.com/d/blankpage/js/vendor_base-cdd60c62-d2291c.js:5:54001)
    at c (https://res.wx.qq.com/d/blankpage/js/vendor_base-059be3de-a9b860.js:1:74177) @ https://res.wx.qq.com/d/blankpage/chunk/989-b8de67.js:0
[     866ms] [ERROR] Refused to get unsafe header "trpc-func-ret" @ https://res.wx.qq.com/d/blankpage/chunk/991-8a0781.js:5
[     866ms] [ERROR] Refused to get unsafe header "cgi_code" @ https://res.wx.qq.com/d/blankpage/chunk/991-8a0781.js:5
[    1254ms] [ERROR] 加载 AppConfig 配置出错 @ https://res.wx.qq.com/d/tdocsJSAPI/latest/index.js:12
[    1258ms] [ERROR] Failed to load resource: net::ERR_SSL_PROTOCOL_ERROR @ https://service-4y7r0fta-1251316161.gz.apigw.tencentcs.com/release/toggleProxy-1613409159:0
[    1268ms] Error: Network Error
    at t.exports (https://res.wx.qq.com/d/feature-components/tencent_docs_multi_tools-3fd512.js:1:41499)
    at m.onerror (https://res.wx.qq.com/d/feature-components/tencent_docs_multi_tools-3fd512.js:1:40306)
    at XMLHttpRequest.a (https://res.wx.qq.com/d/blankpage/chunk/989-b8de67.js:1:9410)
[    1285ms] [ERROR] Access to image at 'https://passport.woa.com/assets/public/images/favicon.ico' from origin 'https://doc.weixin.qq.com' has been blocked by CORS policy: Permission was denied for this request to access the `local` address space. @ https://doc.weixin.qq.com/sheet/e3_AXUA1wa-AGwCNqaencXG2TROP1PLV?scode=AJEAIQdfAAoOPLUWUSAXUA1wa-AGw&tab=000001:0
[    1285ms] [ERROR] Failed to load resource: net::ERR_FAILED @ https://passport.woa.com/assets/public/images/favicon.ico:0
[    1705ms] [ERROR] Failed to load resource: net::ERR_CONNECTION_REFUSED @ http://127.0.0.1:50000/checkLoginState:0
[    1705ms] [ERROR] [wecom-desktop/request] http://127.0.0.1:50000/checkLoginState error TypeError: Failed to fetch
    at window.fetch.window.fetch (https://wwcdn.weixin.qq.com/node/wwlogin/wwlogin/mono/ww-partner-login/797.66bdb4462716694b2833.js:1:39424)
    at https://wwcdn.weixin.qq.com/node/wwlogin/wwlogin/mono/ww-partner-login/101.fada8db3f2a6c7eb917b.js:1:144075
    at https://wwcdn.weixin.qq.com/node/wwlogin/wwlogin/mono/ww-partner-login/101.fada8db3f2a6c7eb917b.js:1:143360
    at Object.next (https://wwcdn.weixin.qq.com/node/wwlogin/wwlogin/mono/ww-partner-login/101.fada8db3f2a6c7eb917b.js:1:143465)
    at d (https://wwcdn.weixin.qq.com/node/wwlogin/wwlogin/mono/ww-partner-login/101.fada8db3f2a6c7eb917b.js:1:142112)
    at a (https://wwcdn.weixin.qq.com/node/wwlogin/wwlogin/mono/ww-partner-login/101.fada8db3f2a6c7eb917b.js:1:144489)
    at https://wwcdn.weixin.qq.com/node/wwlogin/wwlogin/mono/ww-partner-login/101.fada8db3f2a6c7eb917b.js:1:144548
    at new Promise (<anonymous>)
    at w (https://wwcdn.weixin.qq.com/node/wwlogin/wwlogin/mono/ww-partner-login/101.fada8db3f2a6c7eb917b.js:1:144430)
    at w (https://wwcdn.weixin.qq.com/node/wwlogin/wwlogin/mono/ww-partner-login/101.fada8db3f2a6c7eb917b.js:1:144562) @ https://wwcdn.weixin.qq.com/node/wwlogin/wwlogin/mono/ww-partner-login/101.fada8db3f2a6c7eb917b.js:0
[    1706ms] [ERROR] Failed to load resource: net::ERR_CONNECTION_REFUSED @ http://127.0.0.1:50001/checkLoginState:0
[    1706ms] [ERROR] [wecom-desktop/request] http://127.0.0.1:50001/checkLoginState error TypeError: Failed to fetch
    at window.fetch.window.fetch (https://wwcdn.weixin.qq.com/node/wwlogin/wwlogin/mono/ww-partner-login/797.66bdb4462716694b2833.js:1:39424)
    at https://wwcdn.weixin.qq.com/node/wwlogin/wwlogin/mono/ww-partner-login/101.fada8db3f2a6c7eb917b.js:1:144075
    at https://wwcdn.weixin.qq.com/node/wwlogin/wwlogin/mono/ww-partner-login/101.fada8db3f2a6c7eb917b.js:1:143360
    at Object.next (https://wwcdn.weixin.qq.com/node/wwlogin/wwlogin/mono/ww-partner-login/101.fada8db3f2a6c7eb917b.js:1:143465)
    at d (https://wwcdn.weixin.qq.com/node/wwlogin/wwlogin/mono/ww-partner-login/101.fada8db3f2a6c7eb917b.js:1:142112)
    at a (https://wwcdn.weixin.qq.com/node/wwlogin/wwlogin/mono/ww-partner-login/101.fada8db3f2a6c7eb917b.js:1:144489)
    at https://wwcdn.weixin.qq.com/node/wwlogin/wwlogin/mono/ww-partner-login/101.fada8db3f2a6c7eb917b.js:1:144548
    at new Promise (<anonymous>)
    at w (https://wwcdn.weixin.qq.com/node/wwlogin/wwlogin/mono/ww-partner-login/101.fada8db3f2a6c7eb917b.js:1:144430)
    at https://wwcdn.weixin.qq.com/node/wwlogin/wwlogin/mono/ww-partner-login/101.fada8db3f2a6c7eb917b.js:1:142281 @ https://wwcdn.weixin.qq.com/node/wwlogin/wwlogin/mono/ww-partner-login/101.fada8db3f2a6c7eb917b.js:0
[    1706ms] [ERROR] Failed to load resource: net::ERR_CONNECTION_REFUSED @ http://127.0.0.1:50002/checkLoginState:0
[    1706ms] [ERROR] [wecom-desktop/request] http://127.0.0.1:50002/checkLoginState error TypeError: Failed to fetch
    at window.fetch.window.fetch (https://wwcdn.weixin.qq.com/node/wwlogin/wwlogin/mono/ww-partner-login/797.66bdb4462716694b2833.js:1:39424)
    at https://wwcdn.weixin.qq.com/node/wwlogin/wwlogin/mono/ww-partner-login/101.fada8db3f2a6c7eb917b.js:1:144075
    at https://wwcdn.weixin.qq.com/node/wwlogin/wwlogin/mono/ww-partner-login/101.fada8db3f2a6c7eb917b.js:1:143360
    at Object.next (https://wwcdn.weixin.qq.com/node/wwlogin/wwlogin/mono/ww-partner-login/101.fada8db3f2a6c7eb917b.js:1:143465)
    at d (https://wwcdn.weixin.qq.com/node/wwlogin/wwlogin/mono/ww-partner-login/101.fada8db3f2a6c7eb917b.js:1:142112)
    at a (https://wwcdn.weixin.qq.com/node/wwlogin/wwlogin/mono/ww-partner-login/101.fada8db3f2a6c7eb917b.js:1:144489)
    at https://wwcdn.weixin.qq.com/node/wwlogin/wwlogin/mono/ww-partner-login/101.fada8db3f2a6c7eb917b.js:1:144548
    at new Promise (<anonymous>)
    at w (https://wwcdn.weixin.qq.com/node/wwlogin/wwlogin/mono/ww-partner-login/101.fada8db3f2a6c7eb917b.js:1:144430)
    at https://wwcdn.weixin.qq.com/node/wwlogin/wwlogin/mono/ww-partner-login/101.fada8db3f2a6c7eb917b.js:1:142281 @ https://wwcdn.weixin.qq.com/node/wwlogin/wwlogin/mono/ww-partner-login/101.fada8db3f2a6c7eb917b.js:0
[    1708ms] [WARNING] [ww-partner-login:client-message] missing handler {type: init} @ https://wwcdn.weixin.qq.com/node/wwlogin/wwlogin/mono/ww-partner-login/101.fada8db3f2a6c7eb917b.js:0
[    1741ms] [ERROR] Failed to load resource: net::ERR_CONNECTION_REFUSED @ https://localhost.work.weixin.qq.com:50011/checkLoginState:0
[    1741ms] [ERROR] [wecom-desktop/request] https://localhost.work.weixin.qq.com:50011/checkLoginState error TypeError: Failed to fetch
    at window.fetch.window.fetch (https://wwcdn.weixin.qq.com/node/wwlogin/wwlogin/mono/ww-partner-login/797.66bdb4462716694b2833.js:1:39424)
    at https://wwcdn.weixin.qq.com/node/wwlogin/wwlogin/mono/ww-partner-login/101.fada8db3f2a6c7eb917b.js:1:144075
    at https://wwcdn.weixin.qq.com/node/wwlogin/wwlogin/mono/ww-partner-login/101.fada8db3f2a6c7eb917b.js:1:143360
    at Object.next (https://wwcdn.weixin.qq.com/node/wwlogin/wwlogin/mono/ww-partner-login/101.fada8db3f2a6c7eb917b.js:1:143465)
    at d (https://wwcdn.weixin.qq.com/node/wwlogin/wwlogin/mono/ww-partner-login/101.fada8db3f2a6c7eb917b.js:1:142112)
    at a (https://wwcdn.weixin.qq.com/node/wwlogin/wwlogin/mono/ww-partner-login/101.fada8db3f2a6c7eb917b.js:1:144489)
    at https://wwcdn.weixin.qq.com/node/wwlogin/wwlogin/mono/ww-partner-login/101.fada8db3f2a6c7eb917b.js:1:144548
    at new Promise (<anonymous>)
    at w (https://wwcdn.weixin.qq.com/node/wwlogin/wwlogin/mono/ww-partner-login/101.fada8db3f2a6c7eb917b.js:1:144430)
    at https://wwcdn.weixin.qq.com/node/wwlogin/wwlogin/mono/ww-partner-login/101.fada8db3f2a6c7eb917b.js:1:142281 @ https://wwcdn.weixin.qq.com/node/wwlogin/wwlogin/mono/ww-partner-login/101.fada8db3f2a6c7eb917b.js:0
[    1749ms] [ERROR] Failed to load resource: net::ERR_CONNECTION_REFUSED @ https://localhost.work.weixin.qq.com:50012/checkLoginState:0
[    1749ms] [ERROR] [wecom-desktop/request] https://localhost.work.weixin.qq.com:50012/checkLoginState error TypeError: Failed to fetch
    at window.fetch.window.fetch (https://wwcdn.weixin.qq.com/node/wwlogin/wwlogin/mono/ww-partner-login/797.66bdb4462716694b2833.js:1:39424)
    at https://wwcdn.weixin.qq.com/node/wwlogin/wwlogin/mono/ww-partner-login/101.fada8db3f2a6c7eb917b.js:1:144075
    at https://wwcdn.weixin.qq.com/node/wwlogin/wwlogin/mono/ww-partner-login/101.fada8db3f2a6c7eb917b.js:1:143360
    at Object.next (https://wwcdn.weixin.qq.com/node/wwlogin/wwlogin/mono/ww-partner-login/101.fada8db3f2a6c7eb917b.js:1:143465)
    at d (https://wwcdn.weixin.qq.com/node/wwlogin/wwlogin/mono/ww-partner-login/101.fada8db3f2a6c7eb917b.js:1:142112)
    at a (https://wwcdn.weixin.qq.com/node/wwlogin/wwlogin/mono/ww-partner-login/101.fada8db3f2a6c7eb917b.js:1:144489)
    at https://wwcdn.weixin.qq.com/node/wwlogin/wwlogin/mono/ww-partner-login/101.fada8db3f2a6c7eb917b.js:1:144548
    at new Promise (<anonymous>)
    at w (https://wwcdn.weixin.qq.com/node/wwlogin/wwlogin/mono/ww-partner-login/101.fada8db3f2a6c7eb917b.js:1:144430)
    at https://wwcdn.weixin.qq.com/node/wwlogin/wwlogin/mono/ww-partner-login/101.fada8db3f2a6c7eb917b.js:1:142281 @ https://wwcdn.weixin.qq.com/node/wwlogin/wwlogin/mono/ww-partner-login/101.fada8db3f2a6c7eb917b.js:0
[    1850ms] [ERROR] Access to fetch at 'https://localhost.work.weixin.qq.com:50010/checkLoginState' from origin 'https://login.work.weixin.qq.com' has been blocked by CORS policy: Permission was denied for this request to access the `loopback` address space. @ https://login.work.weixin.qq.com/wwlogin/partner/login/?appid=MjAwMDAx&redirect_uri=https%3A%2F%2Fdoc.weixin.qq.com%2Fsheet%2Fe3_AXUA1wa-AGwCNqaencXG2TROP1PLV%3Fscode%3DAJEAIQdfAAoOPLUWUSAXUA1wa-AGw%26tab%3D000001&redirect_type=callback&state&panel_size=middle&version=1.6.7:0
[    1850ms] [ERROR] Failed to load resource: net::ERR_FAILED @ https://localhost.work.weixin.qq.com:50010/checkLoginState:0
[    1851ms] [ERROR] [wecom-desktop/request] https://localhost.work.weixin.qq.com:50010/checkLoginState error TypeError: Failed to fetch
    at window.fetch.window.fetch (https://wwcdn.weixin.qq.com/node/wwlogin/wwlogin/mono/ww-partner-login/797.66bdb4462716694b2833.js:1:39424)
    at https://wwcdn.weixin.qq.com/node/wwlogin/wwlogin/mono/ww-partner-login/101.fada8db3f2a6c7eb917b.js:1:144075
    at https://wwcdn.weixin.qq.com/node/wwlogin/wwlogin/mono/ww-partner-login/101.fada8db3f2a6c7eb917b.js:1:143360
    at Object.next (https://wwcdn.weixin.qq.com/node/wwlogin/wwlogin/mono/ww-partner-login/101.fada8db3f2a6c7eb917b.js:1:143465)
    at d (https://wwcdn.weixin.qq.com/node/wwlogin/wwlogin/mono/ww-partner-login/101.fada8db3f2a6c7eb917b.js:1:142112)
    at a (https://wwcdn.weixin.qq.com/node/wwlogin/wwlogin/mono/ww-partner-login/101.fada8db3f2a6c7eb917b.js:1:144489)
    at https://wwcdn.weixin.qq.com/node/wwlogin/wwlogin/mono/ww-partner-login/101.fada8db3f2a6c7eb917b.js:1:144548
    at new Promise (<anonymous>)
    at w (https://wwcdn.weixin.qq.com/node/wwlogin/wwlogin/mono/ww-partner-login/101.fada8db3f2a6c7eb917b.js:1:144430)
    at https://wwcdn.weixin.qq.com/node/wwlogin/wwlogin/mono/ww-partner-login/101.fada8db3f2a6c7eb917b.js:1:142281 @ https://wwcdn.weixin.qq.com/node/wwlogin/wwlogin/mono/ww-partner-login/101.fada8db3f2a6c7eb917b.js:0
[    9275ms] [ERROR] Access to resource at 'https://report.idqqimg.com/node_b/zzsreport' from origin 'https://doc.weixin.qq.com' has been blocked by CORS policy: Response to preflight request doesn't pass access control check: No 'Access-Control-Allow-Origin' header is present on the requested resource. @ https://doc.weixin.qq.com/sheet/e3_AXUA1wa-AGwCNqaencXG2TROP1PLV?scode=AJEAIQdfAAoOPLUWUSAXUA1wa-AGw&tab=000001:0
[    9275ms] [ERROR] Failed to load resource: net::ERR_FAILED @ https://report.idqqimg.com/node_b/zzsreport:0
[    9316ms] [ERROR] Access to resource at 'https://report.idqqimg.com/node_b/zzsreport' from origin 'https://doc.weixin.qq.com' has been blocked by CORS policy: Response to preflight request doesn't pass access control check: No 'Access-Control-Allow-Origin' header is present on the requested resource. @ https://doc.weixin.qq.com/tim/docs/components/WeworkLogin.html?redirect_uri=https%3A%2F%2Fdoc.weixin.qq.com%2Fsheet%2Fe3_AXUA1wa-AGwCNqaencXG2TROP1PLV%3Fscode%3DAJEAIQdfAAoOPLUWUSAXUA1wa-AGw%26tab%3D000001:0
[    9316ms] [ERROR] Failed to load resource: net::ERR_FAILED @ https://report.idqqimg.com/node_b/zzsreport:0
